[www.fotor.com/features/background-remover/upload.html]
[static.fotor.com/app/features/favicon_en.png]
[backblue.gif]
[fade.gif]
[index.html]
[www.fotor.com/features/background-remover/bgremove/upload/index.html]
[static.fotor.com/app/features/static/css/bgremove_upload.3f45a438.chunk.css]
[static.fotor.com/app/features/static/js/bgremove_upload.ede78a8f.js]
[static.fotor.com/app/features/static/js/runtime-bgremove_upload.0f11f999.js]
[static.fotor.com/app/features/static/css/vendor.71ac4900.chunk.css]
[static.fotor.com/app/features/static/media/2_s.55f9a9f0.jpg]
[static.fotor.com/app/features/static/media/1_s.6a3e7328.jpg]
[static.fotor.com/app/features/static/media/3_s.8e404559.jpg]
[static.fotor.com/app/features/static/js/assetsvg.9624723b.js]
[www.fotor.com/features/background-remover/upload.html]
[www.fotor.com/features/background-remover/bgremove/upload/index.html]
[static.fotor.com/app/features/static/css/bgremove_upload.3f45a438.chunk.css]
[static.fotor.com/app/features/static/css/vendor.71ac4900.chunk.css]
[static.fotor.com/app/features/static/js/vendor.9827340c.js]
